---------------------------------------------------------------------
                          Local CellML file
---------------------------------------------------------------------
 - Open simulation
 - Check simulation:
    - Valid: yes
    - Issues: none
 - Initial settings:
    - Ending point: 50.000000
    - Point interval: 0.001000
 - Run simulation [1]:
    - Settings:
       - Starting point: 0.000000
       - Ending point: 50.000000
       - Point interval: 0.001000
       - ODE solver: CVODE
       - Initial values:
          - Constants:
             - main/sigma = 10.0
             - main/rho = 28.0
             - main/beta = 2.7
          - States:
             - main/x = 1.0
             - main/y = 1.0
             - main/z = 1.0
          - Rates:
             - main/x/prime = 0.0
             - main/y/prime = 26.0
             - main/z/prime = -1.7
          - Algebraic: empty
    - Result values:
       - Number of points: 50001
       - Constants:
          - main/sigma = [ 10.0, 10.0, 10.0, ..., 10.0, 10.0, 10.0 ]
          - main/rho = [ 28.0, 28.0, 28.0, ..., 28.0, 28.0, 28.0 ]
          - main/beta = [ 2.7, 2.7, 2.7, ..., 2.7, 2.7, 2.7 ]
       - States:
          - main/x = [ 1.0, 1.0, 1.0, ..., 1.4, 1.4, 1.4 ]
          - main/y = [ 1.0, 1.0, 1.1, ..., 2.6, 2.6, 2.6 ]
          - main/z = [ 1.0, 1.0, 1.0, ..., 10.8, 10.8, 10.8 ]
       - Rates:
          - main/x/prime = [ 0.0, 0.3, 0.5, ..., 11.4, 11.5, 11.6 ]
          - main/y/prime = [ 26.0, 26.0, 26.0, ..., 21.8, 22.0, 22.2 ]
          - main/z/prime = [ -1.7, -1.6, -1.6, ..., -25.3, -25.2, -25.0 ]
       - Algebraic: empty
 - New settings:
    - Starting point: 10.000000
    - Ending point: 30.000000
    - Point interval: 0.100000
    - ODE solver: Euler (forward)
 - Run simulation [2]:
    - Settings:
       - Starting point: 10.000000
       - Ending point: 30.000000
       - Point interval: 0.100000
       - ODE solver: Euler (forward)
       - Initial values:
          - Constants:
             - main/sigma = 10.0
             - main/rho = 28.0
             - main/beta = 2.7
          - States:
             - main/x = 1.0
             - main/y = 1.0
             - main/z = 1.0
          - Rates:
             - main/x/prime = 0.0
             - main/y/prime = 26.0
             - main/z/prime = -1.7
          - Algebraic: empty
    - Result values:
       - Number of points: 201
       - Constants:
          - main/sigma = [ 10.0, 10.0, 10.0, ..., 10.0, 10.0, 10.0 ]
          - main/rho = [ 28.0, 28.0, 28.0, ..., 28.0, 28.0, 28.0 ]
          - main/beta = [ 2.7, 2.7, 2.7, ..., 2.7, 2.7, 2.7 ]
       - States:
          - main/x = [ 1.0, 2.0, 5.8, ..., -0.2, 1.0, 2.0 ]
          - main/y = [ 1.0, 4.2, 12.4, ..., 1.6, 1.8, 3.3 ]
          - main/z = [ 1.0, 1.1, 3.3, ..., 22.2, 17.0, 13.3 ]
       - Rates:
          - main/x/prime = [ 0.0, 22.2, 65.3, ..., 17.7, 8.3, 13.9 ]
          - main/y/prime = [ 26.0, 49.6, 131.8, ..., -2.7, 8.8, 25.4 ]
          - main/z/prime = [ -1.7, 5.6, 63.4, ..., -59.6, -43.7, -28.9 ]
       - Algebraic: empty
 - Run simulation [3]:
    - Settings:
       - Starting point: 10.000000
       - Ending point: 30.000000
       - Point interval: 0.100000
       - ODE solver: Euler (forward)
       - Initial values:
          - Constants:
             - main/sigma = 10.0
             - main/rho = 28.0
             - main/beta = 2.7
          - States:
             - main/x = 2.0
             - main/y = 3.3
             - main/z = 13.3
          - Rates:
             - main/x/prime = 13.9
             - main/y/prime = 25.4
             - main/z/prime = -28.9
          - Algebraic: empty
    - Result values:
       - Number of points: 201
       - Constants:
          - main/sigma = [ 10.0, 10.0, 10.0, ..., 10.0, 10.0, 10.0 ]
          - main/rho = [ 28.0, 28.0, 28.0, ..., 28.0, 28.0, 28.0 ]
          - main/beta = [ 2.7, 2.7, 2.7, ..., 2.7, 2.7, 2.7 ]
       - States:
          - main/x = [ 2.0, 4.0, 8.7, ..., 2.2, 2.1, 3.4 ]
          - main/y = [ 3.3, 7.2, 15.3, ..., 1.2, 2.7, 5.5 ]
          - main/z = [ 13.3, 11.4, 14.6, ..., 22.1, 17.2, 14.0 ]
       - Rates:
          - main/x/prime = [ 13.9, 32.0, 66.6, ..., -9.9, 6.6, 21.6 ]
          - main/y/prime = [ 25.4, 59.6, 101.0, ..., 12.1, 19.7, 41.4 ]
          - main/z/prime = [ -28.9, -1.3, 94.3, ..., -56.0, -40.1, -18.9 ]
       - Algebraic: empty

---------------------------------------------------------------------
                         Remote CellML file
---------------------------------------------------------------------
 - Open simulation
 - Check simulation:
    - Valid: yes
    - Issues: none
 - Initial settings:
    - Ending point: 50.000000
    - Point interval: 0.001000
 - Run simulation [1]:
    - Settings:
       - Starting point: 0.000000
       - Ending point: 50.000000
       - Point interval: 0.001000
       - ODE solver: CVODE
       - Initial values:
          - Constants:
             - main/sigma = 10.0
             - main/rho = 28.0
             - main/beta = 2.7
          - States:
             - main/x = 1.0
             - main/y = 1.0
             - main/z = 1.0
          - Rates:
             - main/x/prime = 0.0
             - main/y/prime = 26.0
             - main/z/prime = -1.7
          - Algebraic: empty
    - Result values:
       - Number of points: 50001
       - Constants:
          - main/sigma = [ 10.0, 10.0, 10.0, ..., 10.0, 10.0, 10.0 ]
          - main/rho = [ 28.0, 28.0, 28.0, ..., 28.0, 28.0, 28.0 ]
          - main/beta = [ 2.7, 2.7, 2.7, ..., 2.7, 2.7, 2.7 ]
       - States:
          - main/x = [ 1.0, 1.0, 1.0, ..., 1.4, 1.4, 1.4 ]
          - main/y = [ 1.0, 1.0, 1.1, ..., 2.6, 2.6, 2.6 ]
          - main/z = [ 1.0, 1.0, 1.0, ..., 10.8, 10.8, 10.8 ]
       - Rates:
          - main/x/prime = [ 0.0, 0.3, 0.5, ..., 11.4, 11.5, 11.6 ]
          - main/y/prime = [ 26.0, 26.0, 26.0, ..., 21.8, 22.0, 22.2 ]
          - main/z/prime = [ -1.7, -1.6, -1.6, ..., -25.3, -25.2, -25.0 ]
       - Algebraic: empty
 - New settings:
    - Starting point: 10.000000
    - Ending point: 30.000000
    - Point interval: 0.100000
    - ODE solver: Euler (forward)
 - Run simulation [2]:
    - Settings:
       - Starting point: 10.000000
       - Ending point: 30.000000
       - Point interval: 0.100000
       - ODE solver: Euler (forward)
       - Initial values:
          - Constants:
             - main/sigma = 10.0
             - main/rho = 28.0
             - main/beta = 2.7
          - States:
             - main/x = 1.0
             - main/y = 1.0
             - main/z = 1.0
          - Rates:
             - main/x/prime = 0.0
             - main/y/prime = 26.0
             - main/z/prime = -1.7
          - Algebraic: empty
    - Result values:
       - Number of points: 201
       - Constants:
          - main/sigma = [ 10.0, 10.0, 10.0, ..., 10.0, 10.0, 10.0 ]
          - main/rho = [ 28.0, 28.0, 28.0, ..., 28.0, 28.0, 28.0 ]
          - main/beta = [ 2.7, 2.7, 2.7, ..., 2.7, 2.7, 2.7 ]
       - States:
          - main/x = [ 1.0, 2.0, 5.8, ..., -0.2, 1.0, 2.0 ]
          - main/y = [ 1.0, 4.2, 12.4, ..., 1.6, 1.8, 3.3 ]
          - main/z = [ 1.0, 1.1, 3.3, ..., 22.2, 17.0, 13.3 ]
       - Rates:
          - main/x/prime = [ 0.0, 22.2, 65.3, ..., 17.7, 8.3, 13.9 ]
          - main/y/prime = [ 26.0, 49.6, 131.8, ..., -2.7, 8.8, 25.4 ]
          - main/z/prime = [ -1.7, 5.6, 63.4, ..., -59.6, -43.7, -28.9 ]
       - Algebraic: empty
 - Run simulation [3]:
    - Settings:
       - Starting point: 10.000000
       - Ending point: 30.000000
       - Point interval: 0.100000
       - ODE solver: Euler (forward)
       - Initial values:
          - Constants:
             - main/sigma = 10.0
             - main/rho = 28.0
             - main/beta = 2.7
          - States:
             - main/x = 2.0
             - main/y = 3.3
             - main/z = 13.3
          - Rates:
             - main/x/prime = 13.9
             - main/y/prime = 25.4
             - main/z/prime = -28.9
          - Algebraic: empty
    - Result values:
       - Number of points: 201
       - Constants:
          - main/sigma = [ 10.0, 10.0, 10.0, ..., 10.0, 10.0, 10.0 ]
          - main/rho = [ 28.0, 28.0, 28.0, ..., 28.0, 28.0, 28.0 ]
          - main/beta = [ 2.7, 2.7, 2.7, ..., 2.7, 2.7, 2.7 ]
       - States:
          - main/x = [ 2.0, 4.0, 8.7, ..., 2.2, 2.1, 3.4 ]
          - main/y = [ 3.3, 7.2, 15.3, ..., 1.2, 2.7, 5.5 ]
          - main/z = [ 13.3, 11.4, 14.6, ..., 22.1, 17.2, 14.0 ]
       - Rates:
          - main/x/prime = [ 13.9, 32.0, 66.6, ..., -9.9, 6.6, 21.6 ]
          - main/y/prime = [ 25.4, 59.6, 101.0, ..., 12.1, 19.7, 41.4 ]
          - main/z/prime = [ -28.9, -1.3, 94.3, ..., -56.0, -40.1, -18.9 ]
       - Algebraic: empty

---------------------------------------------------------------------
                          Local SED-ML file
---------------------------------------------------------------------
 - Open simulation
 - Check simulation:
    - Valid: yes
    - Issues: none
 - Run simulation [1]:
    - Settings:
       - Starting point: 0.000000
       - Ending point: 50.000000
       - Point interval: 0.001000
       - ODE solver: CVODE
       - Initial values:
          - Constants:
             - main/sigma = 10.0
             - main/rho = 28.0
             - main/beta = 2.7
          - States:
             - main/x = 1.0
             - main/y = 1.0
             - main/z = 1.0
          - Rates:
             - main/x/prime = 0.0
             - main/y/prime = 26.0
             - main/z/prime = -1.7
          - Algebraic: empty
    - Result values:
       - Number of points: 50001
       - Constants:
          - main/sigma = [ 10.0, 10.0, 10.0, ..., 10.0, 10.0, 10.0 ]
          - main/rho = [ 28.0, 28.0, 28.0, ..., 28.0, 28.0, 28.0 ]
          - main/beta = [ 2.7, 2.7, 2.7, ..., 2.7, 2.7, 2.7 ]
       - States:
          - main/x = [ 1.0, 1.0, 1.0, ..., 1.4, 1.4, 1.4 ]
          - main/y = [ 1.0, 1.0, 1.1, ..., 2.6, 2.6, 2.6 ]
          - main/z = [ 1.0, 1.0, 1.0, ..., 10.8, 10.8, 10.8 ]
       - Rates:
          - main/x/prime = [ 0.0, 0.3, 0.5, ..., 11.4, 11.5, 11.6 ]
          - main/y/prime = [ 26.0, 26.0, 26.0, ..., 21.8, 22.0, 22.2 ]
          - main/z/prime = [ -1.7, -1.6, -1.6, ..., -25.3, -25.2, -25.0 ]
       - Algebraic: empty
 - New settings:
    - Starting point: 10.000000
    - Ending point: 30.000000
    - Point interval: 0.100000
    - ODE solver: Euler (forward)
 - Run simulation [2]:
    - Settings:
       - Starting point: 10.000000
       - Ending point: 30.000000
       - Point interval: 0.100000
       - ODE solver: Euler (forward)
       - Initial values:
          - Constants:
             - main/sigma = 10.0
             - main/rho = 28.0
             - main/beta = 2.7
          - States:
             - main/x = 1.0
             - main/y = 1.0
             - main/z = 1.0
          - Rates:
             - main/x/prime = 0.0
             - main/y/prime = 26.0
             - main/z/prime = -1.7
          - Algebraic: empty
    - Result values:
       - Number of points: 201
       - Constants:
          - main/sigma = [ 10.0, 10.0, 10.0, ..., 10.0, 10.0, 10.0 ]
          - main/rho = [ 28.0, 28.0, 28.0, ..., 28.0, 28.0, 28.0 ]
          - main/beta = [ 2.7, 2.7, 2.7, ..., 2.7, 2.7, 2.7 ]
       - States:
          - main/x = [ 1.0, 2.0, 5.8, ..., -0.2, 1.0, 2.0 ]
          - main/y = [ 1.0, 4.2, 12.4, ..., 1.6, 1.8, 3.3 ]
          - main/z = [ 1.0, 1.1, 3.3, ..., 22.2, 17.0, 13.3 ]
       - Rates:
          - main/x/prime = [ 0.0, 22.2, 65.3, ..., 17.7, 8.3, 13.9 ]
          - main/y/prime = [ 26.0, 49.6, 131.8, ..., -2.7, 8.8, 25.4 ]
          - main/z/prime = [ -1.7, 5.6, 63.4, ..., -59.6, -43.7, -28.9 ]
       - Algebraic: empty
 - Run simulation [3]:
    - Settings:
       - Starting point: 10.000000
       - Ending point: 30.000000
       - Point interval: 0.100000
       - ODE solver: Euler (forward)
       - Initial values:
          - Constants:
             - main/sigma = 10.0
             - main/rho = 28.0
             - main/beta = 2.7
          - States:
             - main/x = 2.0
             - main/y = 3.3
             - main/z = 13.3
          - Rates:
             - main/x/prime = 13.9
             - main/y/prime = 25.4
             - main/z/prime = -28.9
          - Algebraic: empty
    - Result values:
       - Number of points: 201
       - Constants:
          - main/sigma = [ 10.0, 10.0, 10.0, ..., 10.0, 10.0, 10.0 ]
          - main/rho = [ 28.0, 28.0, 28.0, ..., 28.0, 28.0, 28.0 ]
          - main/beta = [ 2.7, 2.7, 2.7, ..., 2.7, 2.7, 2.7 ]
       - States:
          - main/x = [ 2.0, 4.0, 8.7, ..., 2.2, 2.1, 3.4 ]
          - main/y = [ 3.3, 7.2, 15.3, ..., 1.2, 2.7, 5.5 ]
          - main/z = [ 13.3, 11.4, 14.6, ..., 22.1, 17.2, 14.0 ]
       - Rates:
          - main/x/prime = [ 13.9, 32.0, 66.6, ..., -9.9, 6.6, 21.6 ]
          - main/y/prime = [ 25.4, 59.6, 101.0, ..., 12.1, 19.7, 41.4 ]
          - main/z/prime = [ -28.9, -1.3, 94.3, ..., -56.0, -40.1, -18.9 ]
       - Algebraic: empty

---------------------------------------------------------------------
                         Remote SED-ML file
---------------------------------------------------------------------
 - Open simulation
 - Check simulation:
    - Valid: yes
    - Issues: none
 - Run simulation [1]:
    - Settings:
       - Starting point: 0.000000
       - Ending point: 50.000000
       - Point interval: 0.001000
       - ODE solver: CVODE
       - Initial values:
          - Constants:
             - main/sigma = 10.0
             - main/rho = 28.0
             - main/beta = 2.7
          - States:
             - main/x = 1.0
             - main/y = 1.0
             - main/z = 1.0
          - Rates:
             - main/x/prime = 0.0
             - main/y/prime = 26.0
             - main/z/prime = -1.7
          - Algebraic: empty
    - Result values:
       - Number of points: 50001
       - Constants:
          - main/sigma = [ 10.0, 10.0, 10.0, ..., 10.0, 10.0, 10.0 ]
          - main/rho = [ 28.0, 28.0, 28.0, ..., 28.0, 28.0, 28.0 ]
          - main/beta = [ 2.7, 2.7, 2.7, ..., 2.7, 2.7, 2.7 ]
       - States:
          - main/x = [ 1.0, 1.0, 1.0, ..., 1.4, 1.4, 1.4 ]
          - main/y = [ 1.0, 1.0, 1.1, ..., 2.6, 2.6, 2.6 ]
          - main/z = [ 1.0, 1.0, 1.0, ..., 10.8, 10.8, 10.8 ]
       - Rates:
          - main/x/prime = [ 0.0, 0.3, 0.5, ..., 11.4, 11.5, 11.6 ]
          - main/y/prime = [ 26.0, 26.0, 26.0, ..., 21.8, 22.0, 22.2 ]
          - main/z/prime = [ -1.7, -1.6, -1.6, ..., -25.3, -25.2, -25.0 ]
       - Algebraic: empty
 - New settings:
    - Starting point: 10.000000
    - Ending point: 30.000000
    - Point interval: 0.100000
    - ODE solver: Euler (forward)
 - Run simulation [2]:
    - Settings:
       - Starting point: 10.000000
       - Ending point: 30.000000
       - Point interval: 0.100000
       - ODE solver: Euler (forward)
       - Initial values:
          - Constants:
             - main/sigma = 10.0
             - main/rho = 28.0
             - main/beta = 2.7
          - States:
             - main/x = 1.0
             - main/y = 1.0
             - main/z = 1.0
          - Rates:
             - main/x/prime = 0.0
             - main/y/prime = 26.0
             - main/z/prime = -1.7
          - Algebraic: empty
    - Result values:
       - Number of points: 201
       - Constants:
          - main/sigma = [ 10.0, 10.0, 10.0, ..., 10.0, 10.0, 10.0 ]
          - main/rho = [ 28.0, 28.0, 28.0, ..., 28.0, 28.0, 28.0 ]
          - main/beta = [ 2.7, 2.7, 2.7, ..., 2.7, 2.7, 2.7 ]
       - States:
          - main/x = [ 1.0, 2.0, 5.8, ..., -0.2, 1.0, 2.0 ]
          - main/y = [ 1.0, 4.2, 12.4, ..., 1.6, 1.8, 3.3 ]
          - main/z = [ 1.0, 1.1, 3.3, ..., 22.2, 17.0, 13.3 ]
       - Rates:
          - main/x/prime = [ 0.0, 22.2, 65.3, ..., 17.7, 8.3, 13.9 ]
          - main/y/prime = [ 26.0, 49.6, 131.8, ..., -2.7, 8.8, 25.4 ]
          - main/z/prime = [ -1.7, 5.6, 63.4, ..., -59.6, -43.7, -28.9 ]
       - Algebraic: empty
 - Run simulation [3]:
    - Settings:
       - Starting point: 10.000000
       - Ending point: 30.000000
       - Point interval: 0.100000
       - ODE solver: Euler (forward)
       - Initial values:
          - Constants:
             - main/sigma = 10.0
             - main/rho = 28.0
             - main/beta = 2.7
          - States:
             - main/x = 2.0
             - main/y = 3.3
             - main/z = 13.3
          - Rates:
             - main/x/prime = 13.9
             - main/y/prime = 25.4
             - main/z/prime = -28.9
          - Algebraic: empty
    - Result values:
       - Number of points: 201
       - Constants:
          - main/sigma = [ 10.0, 10.0, 10.0, ..., 10.0, 10.0, 10.0 ]
          - main/rho = [ 28.0, 28.0, 28.0, ..., 28.0, 28.0, 28.0 ]
          - main/beta = [ 2.7, 2.7, 2.7, ..., 2.7, 2.7, 2.7 ]
       - States:
          - main/x = [ 2.0, 4.0, 8.7, ..., 2.2, 2.1, 3.4 ]
          - main/y = [ 3.3, 7.2, 15.3, ..., 1.2, 2.7, 5.5 ]
          - main/z = [ 13.3, 11.4, 14.6, ..., 22.1, 17.2, 14.0 ]
       - Rates:
          - main/x/prime = [ 13.9, 32.0, 66.6, ..., -9.9, 6.6, 21.6 ]
          - main/y/prime = [ 25.4, 59.6, 101.0, ..., 12.1, 19.7, 41.4 ]
          - main/z/prime = [ -28.9, -1.3, 94.3, ..., -56.0, -40.1, -18.9 ]
       - Algebraic: empty

---------------------------------------------------------------------
                        Local COMBINE archive
---------------------------------------------------------------------
 - Open simulation
 - Check simulation:
    - Valid: yes
    - Issues: none
 - Run simulation [1]:
    - Settings:
       - Starting point: 0.000000
       - Ending point: 50.000000
       - Point interval: 0.001000
       - ODE solver: CVODE
       - Initial values:
          - Constants:
             - main/sigma = 10.0
             - main/rho = 28.0
             - main/beta = 2.7
          - States:
             - main/x = 1.0
             - main/y = 1.0
             - main/z = 1.0
          - Rates:
             - main/x/prime = 0.0
             - main/y/prime = 26.0
             - main/z/prime = -1.7
          - Algebraic: empty
    - Result values:
       - Number of points: 50001
       - Constants:
          - main/sigma = [ 10.0, 10.0, 10.0, ..., 10.0, 10.0, 10.0 ]
          - main/rho = [ 28.0, 28.0, 28.0, ..., 28.0, 28.0, 28.0 ]
          - main/beta = [ 2.7, 2.7, 2.7, ..., 2.7, 2.7, 2.7 ]
       - States:
          - main/x = [ 1.0, 1.0, 1.0, ..., 1.4, 1.4, 1.4 ]
          - main/y = [ 1.0, 1.0, 1.1, ..., 2.6, 2.6, 2.6 ]
          - main/z = [ 1.0, 1.0, 1.0, ..., 10.8, 10.8, 10.8 ]
       - Rates:
          - main/x/prime = [ 0.0, 0.3, 0.5, ..., 11.4, 11.5, 11.6 ]
          - main/y/prime = [ 26.0, 26.0, 26.0, ..., 21.8, 22.0, 22.2 ]
          - main/z/prime = [ -1.7, -1.6, -1.6, ..., -25.3, -25.2, -25.0 ]
       - Algebraic: empty
 - New settings:
    - Starting point: 10.000000
    - Ending point: 30.000000
    - Point interval: 0.100000
    - ODE solver: Euler (forward)
 - Run simulation [2]:
    - Settings:
       - Starting point: 10.000000
       - Ending point: 30.000000
       - Point interval: 0.100000
       - ODE solver: Euler (forward)
       - Initial values:
          - Constants:
             - main/sigma = 10.0
             - main/rho = 28.0
             - main/beta = 2.7
          - States:
             - main/x = 1.0
             - main/y = 1.0
             - main/z = 1.0
          - Rates:
             - main/x/prime = 0.0
             - main/y/prime = 26.0
             - main/z/prime = -1.7
          - Algebraic: empty
    - Result values:
       - Number of points: 201
       - Constants:
          - main/sigma = [ 10.0, 10.0, 10.0, ..., 10.0, 10.0, 10.0 ]
          - main/rho = [ 28.0, 28.0, 28.0, ..., 28.0, 28.0, 28.0 ]
          - main/beta = [ 2.7, 2.7, 2.7, ..., 2.7, 2.7, 2.7 ]
       - States:
          - main/x = [ 1.0, 2.0, 5.8, ..., -0.2, 1.0, 2.0 ]
          - main/y = [ 1.0, 4.2, 12.4, ..., 1.6, 1.8, 3.3 ]
          - main/z = [ 1.0, 1.1, 3.3, ..., 22.2, 17.0, 13.3 ]
       - Rates:
          - main/x/prime = [ 0.0, 22.2, 65.3, ..., 17.7, 8.3, 13.9 ]
          - main/y/prime = [ 26.0, 49.6, 131.8, ..., -2.7, 8.8, 25.4 ]
          - main/z/prime = [ -1.7, 5.6, 63.4, ..., -59.6, -43.7, -28.9 ]
       - Algebraic: empty
 - Run simulation [3]:
    - Settings:
       - Starting point: 10.000000
       - Ending point: 30.000000
       - Point interval: 0.100000
       - ODE solver: Euler (forward)
       - Initial values:
          - Constants:
             - main/sigma = 10.0
             - main/rho = 28.0
             - main/beta = 2.7
          - States:
             - main/x = 2.0
             - main/y = 3.3
             - main/z = 13.3
          - Rates:
             - main/x/prime = 13.9
             - main/y/prime = 25.4
             - main/z/prime = -28.9
          - Algebraic: empty
    - Result values:
       - Number of points: 201
       - Constants:
          - main/sigma = [ 10.0, 10.0, 10.0, ..., 10.0, 10.0, 10.0 ]
          - main/rho = [ 28.0, 28.0, 28.0, ..., 28.0, 28.0, 28.0 ]
          - main/beta = [ 2.7, 2.7, 2.7, ..., 2.7, 2.7, 2.7 ]
       - States:
          - main/x = [ 2.0, 4.0, 8.7, ..., 2.2, 2.1, 3.4 ]
          - main/y = [ 3.3, 7.2, 15.3, ..., 1.2, 2.7, 5.5 ]
          - main/z = [ 13.3, 11.4, 14.6, ..., 22.1, 17.2, 14.0 ]
       - Rates:
          - main/x/prime = [ 13.9, 32.0, 66.6, ..., -9.9, 6.6, 21.6 ]
          - main/y/prime = [ 25.4, 59.6, 101.0, ..., 12.1, 19.7, 41.4 ]
          - main/z/prime = [ -28.9, -1.3, 94.3, ..., -56.0, -40.1, -18.9 ]
       - Algebraic: empty

---------------------------------------------------------------------
                       Remote COMBINE archive
---------------------------------------------------------------------
 - Open simulation
 - Check simulation:
    - Valid: yes
    - Issues: none
 - Run simulation [1]:
    - Settings:
       - Starting point: 0.000000
       - Ending point: 50.000000
       - Point interval: 0.001000
       - ODE solver: CVODE
       - Initial values:
          - Constants:
             - main/sigma = 10.0
             - main/rho = 28.0
             - main/beta = 2.7
          - States:
             - main/x = 1.0
             - main/y = 1.0
             - main/z = 1.0
          - Rates:
             - main/x/prime = 0.0
             - main/y/prime = 26.0
             - main/z/prime = -1.7
          - Algebraic: empty
    - Result values:
       - Number of points: 50001
       - Constants:
          - main/sigma = [ 10.0, 10.0, 10.0, ..., 10.0, 10.0, 10.0 ]
          - main/rho = [ 28.0, 28.0, 28.0, ..., 28.0, 28.0, 28.0 ]
          - main/beta = [ 2.7, 2.7, 2.7, ..., 2.7, 2.7, 2.7 ]
       - States:
          - main/x = [ 1.0, 1.0, 1.0, ..., 1.4, 1.4, 1.4 ]
          - main/y = [ 1.0, 1.0, 1.1, ..., 2.6, 2.6, 2.6 ]
          - main/z = [ 1.0, 1.0, 1.0, ..., 10.8, 10.8, 10.8 ]
       - Rates:
          - main/x/prime = [ 0.0, 0.3, 0.5, ..., 11.4, 11.5, 11.6 ]
          - main/y/prime = [ 26.0, 26.0, 26.0, ..., 21.8, 22.0, 22.2 ]
          - main/z/prime = [ -1.7, -1.6, -1.6, ..., -25.3, -25.2, -25.0 ]
       - Algebraic: empty
 - New settings:
    - Starting point: 10.000000
    - Ending point: 30.000000
    - Point interval: 0.100000
    - ODE solver: Euler (forward)
 - Run simulation [2]:
    - Settings:
       - Starting point: 10.000000
       - Ending point: 30.000000
       - Point interval: 0.100000
       - ODE solver: Euler (forward)
       - Initial values:
          - Constants:
             - main/sigma = 10.0
             - main/rho = 28.0
             - main/beta = 2.7
          - States:
             - main/x = 1.0
             - main/y = 1.0
             - main/z = 1.0
          - Rates:
             - main/x/prime = 0.0
             - main/y/prime = 26.0
             - main/z/prime = -1.7
          - Algebraic: empty
    - Result values:
       - Number of points: 201
       - Constants:
          - main/sigma = [ 10.0, 10.0, 10.0, ..., 10.0, 10.0, 10.0 ]
          - main/rho = [ 28.0, 28.0, 28.0, ..., 28.0, 28.0, 28.0 ]
          - main/beta = [ 2.7, 2.7, 2.7, ..., 2.7, 2.7, 2.7 ]
       - States:
          - main/x = [ 1.0, 2.0, 5.8, ..., -0.2, 1.0, 2.0 ]
          - main/y = [ 1.0, 4.2, 12.4, ..., 1.6, 1.8, 3.3 ]
          - main/z = [ 1.0, 1.1, 3.3, ..., 22.2, 17.0, 13.3 ]
       - Rates:
          - main/x/prime = [ 0.0, 22.2, 65.3, ..., 17.7, 8.3, 13.9 ]
          - main/y/prime = [ 26.0, 49.6, 131.8, ..., -2.7, 8.8, 25.4 ]
          - main/z/prime = [ -1.7, 5.6, 63.4, ..., -59.6, -43.7, -28.9 ]
       - Algebraic: empty
 - Run simulation [3]:
    - Settings:
       - Starting point: 10.000000
       - Ending point: 30.000000
       - Point interval: 0.100000
       - ODE solver: Euler (forward)
       - Initial values:
          - Constants:
             - main/sigma = 10.0
             - main/rho = 28.0
             - main/beta = 2.7
          - States:
             - main/x = 2.0
             - main/y = 3.3
             - main/z = 13.3
          - Rates:
             - main/x/prime = 13.9
             - main/y/prime = 25.4
             - main/z/prime = -28.9
          - Algebraic: empty
    - Result values:
       - Number of points: 201
       - Constants:
          - main/sigma = [ 10.0, 10.0, 10.0, ..., 10.0, 10.0, 10.0 ]
          - main/rho = [ 28.0, 28.0, 28.0, ..., 28.0, 28.0, 28.0 ]
          - main/beta = [ 2.7, 2.7, 2.7, ..., 2.7, 2.7, 2.7 ]
       - States:
          - main/x = [ 2.0, 4.0, 8.7, ..., 2.2, 2.1, 3.4 ]
          - main/y = [ 3.3, 7.2, 15.3, ..., 1.2, 2.7, 5.5 ]
          - main/z = [ 13.3, 11.4, 14.6, ..., 22.1, 17.2, 14.0 ]
       - Rates:
          - main/x/prime = [ 13.9, 32.0, 66.6, ..., -9.9, 6.6, 21.6 ]
          - main/y/prime = [ 25.4, 59.6, 101.0, ..., 12.1, 19.7, 41.4 ]
          - main/z/prime = [ -28.9, -1.3, 94.3, ..., -56.0, -40.1, -18.9 ]
       - Algebraic: empty

---------------------------------------------------------------------
                         Local unknown file
---------------------------------------------------------------------
 - Open simulation
 - Check simulation:
    - Valid: no
    - Issues:
       - Error: '%1' must be a CellML file, a SED-ML file or a COMBINE archive.

---------------------------------------------------------------------
                         Remote unknown file
---------------------------------------------------------------------
 - Open simulation
 - Check simulation:
    - Valid: no
    - Issues:
       - Error: 'https://raw.githubusercontent.com/opencor/opencor/master/models/tests/jupyter/lorenz.ipynb' must be a CellML file, a SED-ML file or a COMBINE archive.

---------------------------------------------------------------------
          Unsupported local SED-ML file (output start time)
---------------------------------------------------------------------
 - Open simulation
 - Check simulation:
    - Valid: no
    - Issues:
       - Information: only SED-ML files with the same values for 'initialTime' and 'outputStartTime' are supported.

---------------------------------------------------------------------
              Unsupported local SED-ML file (algorithm)
---------------------------------------------------------------------
 - Open simulation
 - Check simulation:
    - Valid: no
    - Issues:
       - Information: unsupported algorithm (KISAO:0000029).

---------------------------------------------------------------------
         Unsupported local SED-ML file (algorithm parameter)
---------------------------------------------------------------------
 - Open simulation
 - Check simulation:
    - Valid: no
    - Issues:
       - Information: unsupported algorithm parameter (KISAO:0000219).

---------------------------------------------------------------------
             Invalid local SED-ML file (parameter value)
---------------------------------------------------------------------
 - Open simulation
 - Check simulation:
    - Valid: no
    - Issues:
       - Error: the value of 'Absolute tolerance' (KISAO:0000211) must be a number greater or equal to zero.
       - Error: the value of 'Integration method' (KISAO:0000475) must be 'Adams-Moulton' or 'BDF'.
       - Error: the value of 'Interpolate solution' (KISAO:0000481) must be 'true' or 'false'.
       - Error: the value of 'Iteration type' (KISAO:0000476) must be 'Functional' or 'Newton'.
       - Error: the value of 'Linear solver' (KISAO:0000477) must be 'Dense', 'Banded', 'Diagonal', 'GMRES', 'BiCGStab' or 'TFQMR'.
       - Error: the value of 'Lower half-bandwidth' (KISAO:0000480) must be an integer greater or equal to zero.
       - Error: the value of 'Maximum number of steps' (KISAO:0000415) must be an integer greater than zero.
       - Error: the value of 'Maximum step' (KISAO:0000467) must be a number greater or equal to zero.
       - Error: the value of 'Preconditioner' (KISAO:0000478) must be 'None' or 'Banded'.
       - Error: the value of 'Relative tolerance' (KISAO:0000209) must be a number greater or equal to zero.
       - Error: the value of 'Upper half-bandwidth' (KISAO:0000479) must be an integer greater or equal to zero.

---------------------------------------------------------------------
        Unsupported local COMBINE archive (output start time)
---------------------------------------------------------------------
 - Open simulation
 - Check simulation:
    - Valid: no
    - Issues:
       - Information: only SED-ML files with the same values for 'initialTime' and 'outputStartTime' are supported.

---------------------------------------------------------------------
            Unsupported local COMBINE archive (algorithm)
---------------------------------------------------------------------
 - Open simulation
 - Check simulation:
    - Valid: no
    - Issues:
       - Information: unsupported algorithm (KISAO:0000029).

---------------------------------------------------------------------
       Unsupported local COMBINE archive (algorithm parameter)
---------------------------------------------------------------------
 - Open simulation
 - Check simulation:
    - Valid: no
    - Issues:
       - Information: unsupported algorithm parameter (KISAO:0000219).

---------------------------------------------------------------------
           Invalid local COMBINE archive (parameter value)
---------------------------------------------------------------------
 - Open simulation
 - Check simulation:
    - Valid: no
    - Issues:
       - Error: the value of 'Absolute tolerance' (KISAO:0000211) must be a number greater or equal to zero.
       - Error: the value of 'Integration method' (KISAO:0000475) must be 'Adams-Moulton' or 'BDF'.
       - Error: the value of 'Interpolate solution' (KISAO:0000481) must be 'true' or 'false'.
       - Error: the value of 'Iteration type' (KISAO:0000476) must be 'Functional' or 'Newton'.
       - Error: the value of 'Linear solver' (KISAO:0000477) must be 'Dense', 'Banded', 'Diagonal', 'GMRES', 'BiCGStab' or 'TFQMR'.
       - Error: the value of 'Lower half-bandwidth' (KISAO:0000480) must be an integer greater or equal to zero.
       - Error: the value of 'Maximum number of steps' (KISAO:0000415) must be an integer greater than zero.
       - Error: the value of 'Maximum step' (KISAO:0000467) must be a number greater or equal to zero.
       - Error: the value of 'Preconditioner' (KISAO:0000478) must be 'None' or 'Banded'.
       - Error: the value of 'Relative tolerance' (KISAO:0000209) must be a number greater or equal to zero.
       - Error: the value of 'Upper half-bandwidth' (KISAO:0000479) must be an integer greater or equal to zero.
