---------------------------------------------------------------------
                    No file name or URL provided
---------------------------------------------------------------------
 - Open simulation
 - OSError("'' could not be opened.")
---------------------------------------------------------------------
                         Unknown local file
---------------------------------------------------------------------
 - Open simulation
 - OSError("'unknown' could not be opened.")

---------------------------------------------------------------------
                         Unknown remote file
---------------------------------------------------------------------
 - Open simulation
 - OSError("'https://unknown' could not be opened (host unknown not found).")

---------------------------------------------------------------------
                         Invalid local file
---------------------------------------------------------------------
 - Open simulation
 - Check simulation:
    - Valid: no
    - Issues:
       - Error: the model is underconstrained (i.e. some variables need to be initialised or computed).

---------------------------------------------------------------------
                         Invalid remote file
---------------------------------------------------------------------
 - Open simulation
 - Check simulation:
    - Valid: no
    - Issues:
       - Error: the model is underconstrained (i.e. some variables need to be initialised or computed).

---------------------------------------------------------------------
                    SimulationData coverage tests
---------------------------------------------------------------------
 - Test SimulationData.constants():
    - Size: 3
    - main/offset:
       - URI: main/offset
       - Value: 3.0
       - Test value properly set: yes
    - main/offset2:
       - URI: main/offset2
       - Value: -3.0
       - Test value properly set: yes
    - main/z:
       - URI: main/z
       - Value: 3.0
       - Test value properly set: yes
 - Test SimulationData.states():
    - Size: 1
    - main/y:
       - URI: main/y
       - Value: 3.0
       - Test value properly set: yes
 - Test SimulationData.rates():
    - Size: 1
    - main/y/prime:
       - URI: main/y/prime
       - Value: 0.0
       - Test value properly set: yes
 - Test SimulationData.algebraic():
    - Size: 1
    - main/x:
       - URI: main/x
       - Value: 3.0
       - Test value properly set: yes
       - Starting point: 0.0
       - Test starting point properly set: yes
       - Ending point: 1000.0
       - Test ending point properly set: yes
       - Point interval: 1.0
       - Test point interval properly set: yes
       - ODE solver: CVODE
       - Test ODE solver properly set: yes
       - ODE solver property: 1.0
       - Test ODE solver property properly set: yes
       - DAE solver: KINSOL
       - Test DAE solver properly set: yes
       - DAE solver property: 200
       - Test DAE solver property properly set: yes

---------------------------------------------------------------------
                  SimulationResults coverage tests
---------------------------------------------------------------------
 - Test SimulationResults.voi():
    - Name: time
    - Unit: dimensionless
    - URI: main/time
    - value(-1): nan
    - value(-1, -2): nan
    - value(-1, -1): nan
    - value(-1, 0): nan
    - value(-1, 1): nan
    - value(0): 0.0
    - value(0, -2): nan
    - value(0, -1): 0.0
    - value(0, 0): 0.0
    - value(0, 1): nan
    - value(1000): 1000.0
    - value(1000, -2): nan
    - value(1000, -1): 1000.0
    - value(1000, 0): 1000.0
    - value(1000, 1): nan
    - value(1001): nan
    - value(1001, -2): nan
    - value(1001, -1): nan
    - value(1001, 0): nan
    - value(1001, 1): nan
    - values(-2): None
    - values(-1): [ 0.0, 1.0, 2.0, ..., 998.0, 999.0, 1000.0 ]
    - values(0): [ 0.0, 1.0, 2.0, ..., 998.0, 999.0, 1000.0 ]
    - values(1): None
 - Test SimulationResults.constants():
    - Size: 3
    - Test main/offset:
       - Name: offset
       - Unit: dimensionless
       - URI: main/offset
       - value(-1): nan
       - value(-1, -2): nan
       - value(-1, -1): nan
       - value(-1, 0): nan
       - value(-1, 1): nan
       - value(0): 3.0
       - value(0, -2): nan
       - value(0, -1): 3.0
       - value(0, 0): 3.0
       - value(0, 1): nan
       - value(1000): 3.0
       - value(1000, -2): nan
       - value(1000, -1): 3.0
       - value(1000, 0): 3.0
       - value(1000, 1): nan
       - value(1001): nan
       - value(1001, -2): nan
       - value(1001, -1): nan
       - value(1001, 0): nan
       - value(1001, 1): nan
       - values(-2): None
       - values(-1): [ 3.0, 3.0, 3.0, ..., 3.0, 3.0, 3.0 ]
       - values(0): [ 3.0, 3.0, 3.0, ..., 3.0, 3.0, 3.0 ]
       - values(1): None
    - Test main/offset2:
       - Name: offset2
       - Unit: dimensionless
       - URI: main/offset2
       - value(-1): nan
       - value(-1, -2): nan
       - value(-1, -1): nan
       - value(-1, 0): nan
       - value(-1, 1): nan
       - value(0): -3.0
       - value(0, -2): nan
       - value(0, -1): -3.0
       - value(0, 0): -3.0
       - value(0, 1): nan
       - value(1000): -3.0
       - value(1000, -2): nan
       - value(1000, -1): -3.0
       - value(1000, 0): -3.0
       - value(1000, 1): nan
       - value(1001): nan
       - value(1001, -2): nan
       - value(1001, -1): nan
       - value(1001, 0): nan
       - value(1001, 1): nan
       - values(-2): None
       - values(-1): [ -3.0, -3.0, -3.0, ..., -3.0, -3.0, -3.0 ]
       - values(0): [ -3.0, -3.0, -3.0, ..., -3.0, -3.0, -3.0 ]
       - values(1): None
    - Test main/z:
       - Name: z
       - Unit: dimensionless
       - URI: main/z
       - value(-1): nan
       - value(-1, -2): nan
       - value(-1, -1): nan
       - value(-1, 0): nan
       - value(-1, 1): nan
       - value(0): 3.0
       - value(0, -2): nan
       - value(0, -1): 3.0
       - value(0, 0): 3.0
       - value(0, 1): nan
       - value(1000): 3.0
       - value(1000, -2): nan
       - value(1000, -1): 3.0
       - value(1000, 0): 3.0
       - value(1000, 1): nan
       - value(1001): nan
       - value(1001, -2): nan
       - value(1001, -1): nan
       - value(1001, 0): nan
       - value(1001, 1): nan
       - values(-2): None
       - values(-1): [ 3.0, 3.0, 3.0, ..., 3.0, 3.0, 3.0 ]
       - values(0): [ 3.0, 3.0, 3.0, ..., 3.0, 3.0, 3.0 ]
       - values(1): None
 - Test SimulationResults.states():
    - Size: 1
    - Test main/y:
       - Name: y
       - Unit: dimensionless
       - URI: main/y
       - value(-1): nan
       - value(-1, -2): nan
       - value(-1, -1): nan
       - value(-1, 0): nan
       - value(-1, 1): nan
       - value(0): 3.0
       - value(0, -2): nan
       - value(0, -1): 3.0
       - value(0, 0): 3.0
       - value(0, 1): nan
       - value(1000): -548.9
       - value(1000, -2): nan
       - value(1000, -1): -548.9
       - value(1000, 0): -548.9
       - value(1000, 1): nan
       - value(1001): nan
       - value(1001, -2): nan
       - value(1001, -1): nan
       - value(1001, 0): nan
       - value(1001, 1): nan
       - values(-2): None
       - values(-1): [ 3.0, 1.7, 1.6, ..., -690.4, 1499.5, -548.9 ]
       - values(0): [ 3.0, 1.7, 1.6, ..., -690.4, 1499.5, -548.9 ]
       - values(1): None
 - Test SimulationResults.rates():
    - Size: 1
    - Test main/y/prime:
       - Name: y'
       - Unit: dimensionless/dimensionless
       - URI: main/y/prime
       - value(-1): nan
       - value(-1, -2): nan
       - value(-1, -1): nan
       - value(-1, 0): nan
       - value(-1, 1): nan
       - value(0): 0.0
       - value(0, -2): nan
       - value(0, -1): 0.0
       - value(0, 0): 0.0
       - value(0, 1): nan
       - value(1000): -2790.1
       - value(1000, -2): nan
       - value(1000, -1): -2790.1
       - value(1000, 0): -2790.1
       - value(1000, 1): nan
       - value(1001): nan
       - value(1001, -2): nan
       - value(1001, -1): nan
       - value(1001, 0): nan
       - value(1001, 1): nan
       - values(-2): None
       - values(-1): [ 0.0, -2.7, 4.5, ..., 2652.7, 158.6, -2790.1 ]
       - values(0): [ 0.0, -2.7, 4.5, ..., 2652.7, 158.6, -2790.1 ]
       - values(1): None
 - Test SimulationResults.algebraic():
    - Size: 1
    - Test main/x:
       - Name: x
       - Unit: dimensionless
       - URI: main/x
       - value(-1): nan
       - value(-1, -2): nan
       - value(-1, -1): nan
       - value(-1, 0): nan
       - value(-1, 1): nan
       - value(0): 3.0
       - value(0, -2): nan
       - value(0, -1): 3.0
       - value(0, 0): 3.0
       - value(0, 1): nan
       - value(1000): 1000003.0
       - value(1000, -2): nan
       - value(1000, -1): 1000003.0
       - value(1000, 0): 1000003.0
       - value(1000, 1): nan
       - value(1001): nan
       - value(1001, -2): nan
       - value(1001, -1): nan
       - value(1001, 0): nan
       - value(1001, 1): nan
       - values(-2): None
       - values(-1): [ 3.0, 4.0, 7.0, ..., 996007.0, 998004.0, 1000003.0 ]
       - values(0): [ 3.0, 4.0, 7.0, ..., 996007.0, 998004.0, 1000003.0 ]
       - values(1): None
    - Test SimulationResults.data_store():
    - Test DataStore.voi():
       - Name: time
       - Unit: dimensionless
       - URI: main/time
       - value(-1): nan
       - value(-1, -2): nan
       - value(-1, -1): nan
       - value(-1, 0): nan
       - value(-1, 1): nan
       - value(0): 0.0
       - value(0, -2): nan
       - value(0, -1): 0.0
       - value(0, 0): 0.0
       - value(0, 1): nan
       - value(1000): 1000.0
       - value(1000, -2): nan
       - value(1000, -1): 1000.0
       - value(1000, 0): 1000.0
       - value(1000, 1): nan
       - value(1001): nan
       - value(1001, -2): nan
       - value(1001, -1): nan
       - value(1001, 0): nan
       - value(1001, 1): nan
       - values(-2): None
       - values(-1): [ 0.0, 1.0, 2.0, ..., 998.0, 999.0, 1000.0 ]
       - values(0): [ 0.0, 1.0, 2.0, ..., 998.0, 999.0, 1000.0 ]
       - values(1): None
    - Test DataStore.variables():
       - Size: 6
       - Test main/offset:
          - Name: offset
          - Unit: dimensionless
          - URI: main/offset
          - value(-1): nan
          - value(-1, -2): nan
          - value(-1, -1): nan
          - value(-1, 0): nan
          - value(-1, 1): nan
          - value(0): 3.0
          - value(0, -2): nan
          - value(0, -1): 3.0
          - value(0, 0): 3.0
          - value(0, 1): nan
          - value(1000): 3.0
          - value(1000, -2): nan
          - value(1000, -1): 3.0
          - value(1000, 0): 3.0
          - value(1000, 1): nan
          - value(1001): nan
          - value(1001, -2): nan
          - value(1001, -1): nan
          - value(1001, 0): nan
          - value(1001, 1): nan
          - values(-2): None
          - values(-1): [ 3.0, 3.0, 3.0, ..., 3.0, 3.0, 3.0 ]
          - values(0): [ 3.0, 3.0, 3.0, ..., 3.0, 3.0, 3.0 ]
          - values(1): None
       - Test main/offset2:
          - Name: offset2
          - Unit: dimensionless
          - URI: main/offset2
          - value(-1): nan
          - value(-1, -2): nan
          - value(-1, -1): nan
          - value(-1, 0): nan
          - value(-1, 1): nan
          - value(0): -3.0
          - value(0, -2): nan
          - value(0, -1): -3.0
          - value(0, 0): -3.0
          - value(0, 1): nan
          - value(1000): -3.0
          - value(1000, -2): nan
          - value(1000, -1): -3.0
          - value(1000, 0): -3.0
          - value(1000, 1): nan
          - value(1001): nan
          - value(1001, -2): nan
          - value(1001, -1): nan
          - value(1001, 0): nan
          - value(1001, 1): nan
          - values(-2): None
          - values(-1): [ -3.0, -3.0, -3.0, ..., -3.0, -3.0, -3.0 ]
          - values(0): [ -3.0, -3.0, -3.0, ..., -3.0, -3.0, -3.0 ]
          - values(1): None
       - Test main/x:
          - Name: x
          - Unit: dimensionless
          - URI: main/x
          - value(-1): nan
          - value(-1, -2): nan
          - value(-1, -1): nan
          - value(-1, 0): nan
          - value(-1, 1): nan
          - value(0): 3.0
          - value(0, -2): nan
          - value(0, -1): 3.0
          - value(0, 0): 3.0
          - value(0, 1): nan
          - value(1000): 1000003.0
          - value(1000, -2): nan
          - value(1000, -1): 1000003.0
          - value(1000, 0): 1000003.0
          - value(1000, 1): nan
          - value(1001): nan
          - value(1001, -2): nan
          - value(1001, -1): nan
          - value(1001, 0): nan
          - value(1001, 1): nan
          - values(-2): None
          - values(-1): [ 3.0, 4.0, 7.0, ..., 996007.0, 998004.0, 1000003.0 ]
          - values(0): [ 3.0, 4.0, 7.0, ..., 996007.0, 998004.0, 1000003.0 ]
          - values(1): None
       - Test main/y:
          - Name: y
          - Unit: dimensionless
          - URI: main/y
          - value(-1): nan
          - value(-1, -2): nan
          - value(-1, -1): nan
          - value(-1, 0): nan
          - value(-1, 1): nan
          - value(0): 3.0
          - value(0, -2): nan
          - value(0, -1): 3.0
          - value(0, 0): 3.0
          - value(0, 1): nan
          - value(1000): -548.9
          - value(1000, -2): nan
          - value(1000, -1): -548.9
          - value(1000, 0): -548.9
          - value(1000, 1): nan
          - value(1001): nan
          - value(1001, -2): nan
          - value(1001, -1): nan
          - value(1001, 0): nan
          - value(1001, 1): nan
          - values(-2): None
          - values(-1): [ 3.0, 1.7, 1.6, ..., -690.4, 1499.5, -548.9 ]
          - values(0): [ 3.0, 1.7, 1.6, ..., -690.4, 1499.5, -548.9 ]
          - values(1): None
       - Test main/y/prime:
          - Name: y'
          - Unit: dimensionless/dimensionless
          - URI: main/y/prime
          - value(-1): nan
          - value(-1, -2): nan
          - value(-1, -1): nan
          - value(-1, 0): nan
          - value(-1, 1): nan
          - value(0): 0.0
          - value(0, -2): nan
          - value(0, -1): 0.0
          - value(0, 0): 0.0
          - value(0, 1): nan
          - value(1000): -2790.1
          - value(1000, -2): nan
          - value(1000, -1): -2790.1
          - value(1000, 0): -2790.1
          - value(1000, 1): nan
          - value(1001): nan
          - value(1001, -2): nan
          - value(1001, -1): nan
          - value(1001, 0): nan
          - value(1001, 1): nan
          - values(-2): None
          - values(-1): [ 0.0, -2.7, 4.5, ..., 2652.7, 158.6, -2790.1 ]
          - values(0): [ 0.0, -2.7, 4.5, ..., 2652.7, 158.6, -2790.1 ]
          - values(1): None
       - Test main/z:
          - Name: z
          - Unit: dimensionless
          - URI: main/z
          - value(-1): nan
          - value(-1, -2): nan
          - value(-1, -1): nan
          - value(-1, 0): nan
          - value(-1, 1): nan
          - value(0): 3.0
          - value(0, -2): nan
          - value(0, -1): 3.0
          - value(0, 0): 3.0
          - value(0, 1): nan
          - value(1000): 3.0
          - value(1000, -2): nan
          - value(1000, -1): 3.0
          - value(1000, 0): 3.0
          - value(1000, 1): nan
          - value(1001): nan
          - value(1001, -2): nan
          - value(1001, -1): nan
          - value(1001, 0): nan
          - value(1001, 1): nan
          - values(-2): None
          - values(-1): [ 3.0, 3.0, 3.0, ..., 3.0, 3.0, 3.0 ]
          - values(0): [ 3.0, 3.0, 3.0, ..., 3.0, 3.0, 3.0 ]
          - values(1): None
    - Test DataStore.voi_and_variables():
       - Size: 7
       - Test main/offset:
          - Name: offset
          - Unit: dimensionless
          - URI: main/offset
          - value(-1): nan
          - value(-1, -2): nan
          - value(-1, -1): nan
          - value(-1, 0): nan
          - value(-1, 1): nan
          - value(0): 3.0
          - value(0, -2): nan
          - value(0, -1): 3.0
          - value(0, 0): 3.0
          - value(0, 1): nan
          - value(1000): 3.0
          - value(1000, -2): nan
          - value(1000, -1): 3.0
          - value(1000, 0): 3.0
          - value(1000, 1): nan
          - value(1001): nan
          - value(1001, -2): nan
          - value(1001, -1): nan
          - value(1001, 0): nan
          - value(1001, 1): nan
          - values(-2): None
          - values(-1): [ 3.0, 3.0, 3.0, ..., 3.0, 3.0, 3.0 ]
          - values(0): [ 3.0, 3.0, 3.0, ..., 3.0, 3.0, 3.0 ]
          - values(1): None
       - Test main/offset2:
          - Name: offset2
          - Unit: dimensionless
          - URI: main/offset2
          - value(-1): nan
          - value(-1, -2): nan
          - value(-1, -1): nan
          - value(-1, 0): nan
          - value(-1, 1): nan
          - value(0): -3.0
          - value(0, -2): nan
          - value(0, -1): -3.0
          - value(0, 0): -3.0
          - value(0, 1): nan
          - value(1000): -3.0
          - value(1000, -2): nan
          - value(1000, -1): -3.0
          - value(1000, 0): -3.0
          - value(1000, 1): nan
          - value(1001): nan
          - value(1001, -2): nan
          - value(1001, -1): nan
          - value(1001, 0): nan
          - value(1001, 1): nan
          - values(-2): None
          - values(-1): [ -3.0, -3.0, -3.0, ..., -3.0, -3.0, -3.0 ]
          - values(0): [ -3.0, -3.0, -3.0, ..., -3.0, -3.0, -3.0 ]
          - values(1): None
       - Test main/time:
          - Name: time
          - Unit: dimensionless
          - URI: main/time
          - value(-1): nan
          - value(-1, -2): nan
          - value(-1, -1): nan
          - value(-1, 0): nan
          - value(-1, 1): nan
          - value(0): 0.0
          - value(0, -2): nan
          - value(0, -1): 0.0
          - value(0, 0): 0.0
          - value(0, 1): nan
          - value(1000): 1000.0
          - value(1000, -2): nan
          - value(1000, -1): 1000.0
          - value(1000, 0): 1000.0
          - value(1000, 1): nan
          - value(1001): nan
          - value(1001, -2): nan
          - value(1001, -1): nan
          - value(1001, 0): nan
          - value(1001, 1): nan
          - values(-2): None
          - values(-1): [ 0.0, 1.0, 2.0, ..., 998.0, 999.0, 1000.0 ]
          - values(0): [ 0.0, 1.0, 2.0, ..., 998.0, 999.0, 1000.0 ]
          - values(1): None
       - Test main/x:
          - Name: x
          - Unit: dimensionless
          - URI: main/x
          - value(-1): nan
          - value(-1, -2): nan
          - value(-1, -1): nan
          - value(-1, 0): nan
          - value(-1, 1): nan
          - value(0): 3.0
          - value(0, -2): nan
          - value(0, -1): 3.0
          - value(0, 0): 3.0
          - value(0, 1): nan
          - value(1000): 1000003.0
          - value(1000, -2): nan
          - value(1000, -1): 1000003.0
          - value(1000, 0): 1000003.0
          - value(1000, 1): nan
          - value(1001): nan
          - value(1001, -2): nan
          - value(1001, -1): nan
          - value(1001, 0): nan
          - value(1001, 1): nan
          - values(-2): None
          - values(-1): [ 3.0, 4.0, 7.0, ..., 996007.0, 998004.0, 1000003.0 ]
          - values(0): [ 3.0, 4.0, 7.0, ..., 996007.0, 998004.0, 1000003.0 ]
          - values(1): None
       - Test main/y:
          - Name: y
          - Unit: dimensionless
          - URI: main/y
          - value(-1): nan
          - value(-1, -2): nan
          - value(-1, -1): nan
          - value(-1, 0): nan
          - value(-1, 1): nan
          - value(0): 3.0
          - value(0, -2): nan
          - value(0, -1): 3.0
          - value(0, 0): 3.0
          - value(0, 1): nan
          - value(1000): -548.9
          - value(1000, -2): nan
          - value(1000, -1): -548.9
          - value(1000, 0): -548.9
          - value(1000, 1): nan
          - value(1001): nan
          - value(1001, -2): nan
          - value(1001, -1): nan
          - value(1001, 0): nan
          - value(1001, 1): nan
          - values(-2): None
          - values(-1): [ 3.0, 1.7, 1.6, ..., -690.4, 1499.5, -548.9 ]
          - values(0): [ 3.0, 1.7, 1.6, ..., -690.4, 1499.5, -548.9 ]
          - values(1): None
       - Test main/y/prime:
          - Name: y'
          - Unit: dimensionless/dimensionless
          - URI: main/y/prime
          - value(-1): nan
          - value(-1, -2): nan
          - value(-1, -1): nan
          - value(-1, 0): nan
          - value(-1, 1): nan
          - value(0): 0.0
          - value(0, -2): nan
          - value(0, -1): 0.0
          - value(0, 0): 0.0
          - value(0, 1): nan
          - value(1000): -2790.1
          - value(1000, -2): nan
          - value(1000, -1): -2790.1
          - value(1000, 0): -2790.1
          - value(1000, 1): nan
          - value(1001): nan
          - value(1001, -2): nan
          - value(1001, -1): nan
          - value(1001, 0): nan
          - value(1001, 1): nan
          - values(-2): None
          - values(-1): [ 0.0, -2.7, 4.5, ..., 2652.7, 158.6, -2790.1 ]
          - values(0): [ 0.0, -2.7, 4.5, ..., 2652.7, 158.6, -2790.1 ]
          - values(1): None
       - Test main/z:
          - Name: z
          - Unit: dimensionless
          - URI: main/z
          - value(-1): nan
          - value(-1, -2): nan
          - value(-1, -1): nan
          - value(-1, 0): nan
          - value(-1, 1): nan
          - value(0): 3.0
          - value(0, -2): nan
          - value(0, -1): 3.0
          - value(0, 0): 3.0
          - value(0, 1): nan
          - value(1000): 3.0
          - value(1000, -2): nan
          - value(1000, -1): 3.0
          - value(1000, 0): 3.0
          - value(1000, 1): nan
          - value(1001): nan
          - value(1001, -2): nan
          - value(1001, -1): nan
          - value(1001, 0): nan
          - value(1001, 1): nan
          - values(-2): None
          - values(-1): [ 3.0, 3.0, 3.0, ..., 3.0, 3.0, 3.0 ]
          - values(0): [ 3.0, 3.0, 3.0, ..., 3.0, 3.0, 3.0 ]
          - values(1): None
