---------------------------------------
       Hodgkin-Huxley 1952 model
---------------------------------------
 - CVODE:
    - Constants:
       - membrane/E_R = [ 0.0, 0.0, 0.0, ..., 0.0, 0.0, 0.0 ]
       - membrane/Cm = [ 1.0, 1.0, 1.0, ..., 1.0, 1.0, 1.0 ]
       - sodium_channel/g_Na = [ 120.0, 120.0, 120.0, ..., 120.0, 120.0, 120.0 ]
       - potassium_channel/g_K = [ 36.0, 36.0, 36.0, ..., 36.0, 36.0, 36.0 ]
       - leakage_current/g_L = [ 0.3, 0.3, 0.3, ..., 0.3, 0.3, 0.3 ]
       - sodium_channel/E_Na = [ -115.0, -115.0, -115.0, ..., -115.0, -115.0, -115.0 ]
       - potassium_channel/E_K = [ 12.0, 12.0, 12.0, ..., 12.0, 12.0, 12.0 ]
       - leakage_current/E_L = [ -10.6, -10.6, -10.6, ..., -10.6, -10.6, -10.6 ]
    - States:
       - membrane/V = [ 0.0, 0.3, 0.4, ..., 0.0, 0.0, 0.0 ]
       - sodium_channel/sodium_channel_m_gate/m = [ 0.1, 0.1, 0.1, ..., 0.1, 0.1, 0.1 ]
       - sodium_channel/sodium_channel_h_gate/h = [ 0.6, 0.6, 0.6, ..., 0.6, 0.6, 0.6 ]
       - potassium_channel/potassium_channel_n_gate/n = [ 0.3, 0.3, 0.3, ..., 0.3, 0.3, 0.3 ]
    - Rates:
       - membrane/V/prime = [ 0.6, 0.2, 0.1, ..., 0.0, 0.0, 0.0 ]
       - sodium_channel/sodium_channel_m_gate/m/prime = [ 0.0, 0.0, 0.0, ..., 0.0, 0.0, 0.0 ]
       - sodium_channel/sodium_channel_h_gate/h/prime = [ 0.0, 0.0, 0.0, ..., 0.0, 0.0, 0.0 ]
       - potassium_channel/potassium_channel_n_gate/n/prime = [ 0.0, 0.0, 0.0, ..., 0.0, 0.0, 0.0 ]
    - Algebraic:
       - membrane/i_Stim = [ 0.0, 0.0, 0.0, ..., 0.0, 0.0, 0.0 ]
       - sodium_channel/sodium_channel_m_gate/alpha_m = [ 0.2, 0.2, 0.2, ..., 0.2, 0.2, 0.2 ]
       - sodium_channel/sodium_channel_h_gate/alpha_h = [ 0.1, 0.1, 0.1, ..., 0.1, 0.1, 0.1 ]
       - potassium_channel/potassium_channel_n_gate/alpha_n = [ 0.1, 0.1, 0.1, ..., 0.1, 0.1, 0.1 ]
       - sodium_channel/i_Na = [ 1.0, 1.1, 1.1, ..., 1.2, 1.2, 1.2 ]
       - sodium_channel/sodium_channel_m_gate/beta_m = [ 4.0, 4.1, 4.1, ..., 4.0, 4.0, 4.0 ]
       - sodium_channel/sodium_channel_h_gate/beta_h = [ 0.0, 0.0, 0.0, ..., 0.0, 0.0, 0.0 ]
       - potassium_channel/potassium_channel_n_gate/beta_n = [ 0.1, 0.1, 0.1, ..., 0.1, 0.1, 0.1 ]
       - potassium_channel/i_K = [ -4.8, -4.6, -4.4, ..., -4.4, -4.4, -4.4 ]
       - leakage_current/i_L = [ 3.2, 3.3, 3.3, ..., 3.2, 3.2, 3.2 ]
 - Euler (forward):
    - Constants:
       - membrane/E_R = [ 0.0, 0.0, 0.0, ..., 0.0, 0.0, 0.0 ]
       - membrane/Cm = [ 1.0, 1.0, 1.0, ..., 1.0, 1.0, 1.0 ]
       - sodium_channel/g_Na = [ 120.0, 120.0, 120.0, ..., 120.0, 120.0, 120.0 ]
       - potassium_channel/g_K = [ 36.0, 36.0, 36.0, ..., 36.0, 36.0, 36.0 ]
       - leakage_current/g_L = [ 0.3, 0.3, 0.3, ..., 0.3, 0.3, 0.3 ]
       - sodium_channel/E_Na = [ -115.0, -115.0, -115.0, ..., -115.0, -115.0, -115.0 ]
       - potassium_channel/E_K = [ 12.0, 12.0, 12.0, ..., 12.0, 12.0, 12.0 ]
       - leakage_current/E_L = [ -10.6, -10.6, -10.6, ..., -10.6, -10.6, -10.6 ]
    - States:
       - membrane/V = [ 0.0, 0.3, 0.4, ..., 0.0, 0.0, 0.0 ]
       - sodium_channel/sodium_channel_m_gate/m = [ 0.1, 0.1, 0.1, ..., 0.1, 0.1, 0.1 ]
       - sodium_channel/sodium_channel_h_gate/h = [ 0.6, 0.6, 0.6, ..., 0.6, 0.6, 0.6 ]
       - potassium_channel/potassium_channel_n_gate/n = [ 0.3, 0.3, 0.3, ..., 0.3, 0.3, 0.3 ]
    - Rates:
       - membrane/V/prime = [ 0.6, 0.2, 0.1, ..., 0.0, 0.0, 0.0 ]
       - sodium_channel/sodium_channel_m_gate/m/prime = [ 0.0, 0.0, 0.0, ..., 0.0, 0.0, 0.0 ]
       - sodium_channel/sodium_channel_h_gate/h/prime = [ 0.0, 0.0, 0.0, ..., 0.0, 0.0, 0.0 ]
       - potassium_channel/potassium_channel_n_gate/n/prime = [ 0.0, 0.0, 0.0, ..., 0.0, 0.0, 0.0 ]
    - Algebraic:
       - membrane/i_Stim = [ 0.0, 0.0, 0.0, ..., 0.0, 0.0, 0.0 ]
       - sodium_channel/sodium_channel_m_gate/alpha_m = [ 0.2, 0.2, 0.2, ..., 0.2, 0.2, 0.2 ]
       - sodium_channel/sodium_channel_h_gate/alpha_h = [ 0.1, 0.1, 0.1, ..., 0.1, 0.1, 0.1 ]
       - potassium_channel/potassium_channel_n_gate/alpha_n = [ 0.1, 0.1, 0.1, ..., 0.1, 0.1, 0.1 ]
       - sodium_channel/i_Na = [ 1.0, 1.1, 1.1, ..., 1.2, 1.2, 1.2 ]
       - sodium_channel/sodium_channel_m_gate/beta_m = [ 4.0, 4.1, 4.1, ..., 4.0, 4.0, 4.0 ]
       - sodium_channel/sodium_channel_h_gate/beta_h = [ 0.0, 0.0, 0.0, ..., 0.0, 0.0, 0.0 ]
       - potassium_channel/potassium_channel_n_gate/beta_n = [ 0.1, 0.1, 0.1, ..., 0.1, 0.1, 0.1 ]
       - potassium_channel/i_K = [ -4.8, -4.6, -4.4, ..., -4.4, -4.4, -4.4 ]
       - leakage_current/i_L = [ 3.2, 3.3, 3.3, ..., 3.2, 3.2, 3.2 ]
 - Heun:
    - Constants:
       - membrane/E_R = [ 0.0, 0.0, 0.0, ..., 0.0, 0.0, 0.0 ]
       - membrane/Cm = [ 1.0, 1.0, 1.0, ..., 1.0, 1.0, 1.0 ]
       - sodium_channel/g_Na = [ 120.0, 120.0, 120.0, ..., 120.0, 120.0, 120.0 ]
       - potassium_channel/g_K = [ 36.0, 36.0, 36.0, ..., 36.0, 36.0, 36.0 ]
       - leakage_current/g_L = [ 0.3, 0.3, 0.3, ..., 0.3, 0.3, 0.3 ]
       - sodium_channel/E_Na = [ -115.0, -115.0, -115.0, ..., -115.0, -115.0, -115.0 ]
       - potassium_channel/E_K = [ 12.0, 12.0, 12.0, ..., 12.0, 12.0, 12.0 ]
       - leakage_current/E_L = [ -10.6, -10.6, -10.6, ..., -10.6, -10.6, -10.6 ]
    - States:
       - membrane/V = [ 0.0, 0.3, 0.4, ..., 0.0, 0.0, 0.0 ]
       - sodium_channel/sodium_channel_m_gate/m = [ 0.1, 0.1, 0.1, ..., 0.1, 0.1, 0.1 ]
       - sodium_channel/sodium_channel_h_gate/h = [ 0.6, 0.6, 0.6, ..., 0.6, 0.6, 0.6 ]
       - potassium_channel/potassium_channel_n_gate/n = [ 0.3, 0.3, 0.3, ..., 0.3, 0.3, 0.3 ]
    - Rates:
       - membrane/V/prime = [ 0.6, 0.2, 0.1, ..., 0.0, 0.0, 0.0 ]
       - sodium_channel/sodium_channel_m_gate/m/prime = [ 0.0, 0.0, 0.0, ..., 0.0, 0.0, 0.0 ]
       - sodium_channel/sodium_channel_h_gate/h/prime = [ 0.0, 0.0, 0.0, ..., 0.0, 0.0, 0.0 ]
       - potassium_channel/potassium_channel_n_gate/n/prime = [ 0.0, 0.0, 0.0, ..., 0.0, 0.0, 0.0 ]
    - Algebraic:
       - membrane/i_Stim = [ 0.0, 0.0, 0.0, ..., 0.0, 0.0, 0.0 ]
       - sodium_channel/sodium_channel_m_gate/alpha_m = [ 0.2, 0.2, 0.2, ..., 0.2, 0.2, 0.2 ]
       - sodium_channel/sodium_channel_h_gate/alpha_h = [ 0.1, 0.1, 0.1, ..., 0.1, 0.1, 0.1 ]
       - potassium_channel/potassium_channel_n_gate/alpha_n = [ 0.1, 0.1, 0.1, ..., 0.1, 0.1, 0.1 ]
       - sodium_channel/i_Na = [ 1.0, 1.1, 1.1, ..., 1.2, 1.2, 1.2 ]
       - sodium_channel/sodium_channel_m_gate/beta_m = [ 4.0, 4.1, 4.1, ..., 4.0, 4.0, 4.0 ]
       - sodium_channel/sodium_channel_h_gate/beta_h = [ 0.0, 0.0, 0.0, ..., 0.0, 0.0, 0.0 ]
       - potassium_channel/potassium_channel_n_gate/beta_n = [ 0.1, 0.1, 0.1, ..., 0.1, 0.1, 0.1 ]
       - potassium_channel/i_K = [ -4.8, -4.6, -4.4, ..., -4.4, -4.4, -4.4 ]
       - leakage_current/i_L = [ 3.2, 3.3, 3.3, ..., 3.2, 3.2, 3.2 ]
 - Runge-Kutta (2nd order):
    - Constants:
       - membrane/E_R = [ 0.0, 0.0, 0.0, ..., 0.0, 0.0, 0.0 ]
       - membrane/Cm = [ 1.0, 1.0, 1.0, ..., 1.0, 1.0, 1.0 ]
       - sodium_channel/g_Na = [ 120.0, 120.0, 120.0, ..., 120.0, 120.0, 120.0 ]
       - potassium_channel/g_K = [ 36.0, 36.0, 36.0, ..., 36.0, 36.0, 36.0 ]
       - leakage_current/g_L = [ 0.3, 0.3, 0.3, ..., 0.3, 0.3, 0.3 ]
       - sodium_channel/E_Na = [ -115.0, -115.0, -115.0, ..., -115.0, -115.0, -115.0 ]
       - potassium_channel/E_K = [ 12.0, 12.0, 12.0, ..., 12.0, 12.0, 12.0 ]
       - leakage_current/E_L = [ -10.6, -10.6, -10.6, ..., -10.6, -10.6, -10.6 ]
    - States:
       - membrane/V = [ 0.0, 0.3, 0.4, ..., 0.0, 0.0, 0.0 ]
       - sodium_channel/sodium_channel_m_gate/m = [ 0.1, 0.1, 0.1, ..., 0.1, 0.1, 0.1 ]
       - sodium_channel/sodium_channel_h_gate/h = [ 0.6, 0.6, 0.6, ..., 0.6, 0.6, 0.6 ]
       - potassium_channel/potassium_channel_n_gate/n = [ 0.3, 0.3, 0.3, ..., 0.3, 0.3, 0.3 ]
    - Rates:
       - membrane/V/prime = [ 0.6, 0.2, 0.1, ..., 0.0, 0.0, 0.0 ]
       - sodium_channel/sodium_channel_m_gate/m/prime = [ 0.0, 0.0, 0.0, ..., 0.0, 0.0, 0.0 ]
       - sodium_channel/sodium_channel_h_gate/h/prime = [ 0.0, 0.0, 0.0, ..., 0.0, 0.0, 0.0 ]
       - potassium_channel/potassium_channel_n_gate/n/prime = [ 0.0, 0.0, 0.0, ..., 0.0, 0.0, 0.0 ]
    - Algebraic:
       - membrane/i_Stim = [ 0.0, 0.0, 0.0, ..., 0.0, 0.0, 0.0 ]
       - sodium_channel/sodium_channel_m_gate/alpha_m = [ 0.2, 0.2, 0.2, ..., 0.2, 0.2, 0.2 ]
       - sodium_channel/sodium_channel_h_gate/alpha_h = [ 0.1, 0.1, 0.1, ..., 0.1, 0.1, 0.1 ]
       - potassium_channel/potassium_channel_n_gate/alpha_n = [ 0.1, 0.1, 0.1, ..., 0.1, 0.1, 0.1 ]
       - sodium_channel/i_Na = [ 1.0, 1.1, 1.1, ..., 1.2, 1.2, 1.2 ]
       - sodium_channel/sodium_channel_m_gate/beta_m = [ 4.0, 4.1, 4.1, ..., 4.0, 4.0, 4.0 ]
       - sodium_channel/sodium_channel_h_gate/beta_h = [ 0.0, 0.0, 0.0, ..., 0.0, 0.0, 0.0 ]
       - potassium_channel/potassium_channel_n_gate/beta_n = [ 0.1, 0.1, 0.1, ..., 0.1, 0.1, 0.1 ]
       - potassium_channel/i_K = [ -4.8, -4.6, -4.4, ..., -4.4, -4.4, -4.4 ]
       - leakage_current/i_L = [ 3.2, 3.3, 3.3, ..., 3.2, 3.2, 3.2 ]
 - Runge-Kutta (4th order):
    - Constants:
       - membrane/E_R = [ 0.0, 0.0, 0.0, ..., 0.0, 0.0, 0.0 ]
       - membrane/Cm = [ 1.0, 1.0, 1.0, ..., 1.0, 1.0, 1.0 ]
       - sodium_channel/g_Na = [ 120.0, 120.0, 120.0, ..., 120.0, 120.0, 120.0 ]
       - potassium_channel/g_K = [ 36.0, 36.0, 36.0, ..., 36.0, 36.0, 36.0 ]
       - leakage_current/g_L = [ 0.3, 0.3, 0.3, ..., 0.3, 0.3, 0.3 ]
       - sodium_channel/E_Na = [ -115.0, -115.0, -115.0, ..., -115.0, -115.0, -115.0 ]
       - potassium_channel/E_K = [ 12.0, 12.0, 12.0, ..., 12.0, 12.0, 12.0 ]
       - leakage_current/E_L = [ -10.6, -10.6, -10.6, ..., -10.6, -10.6, -10.6 ]
    - States:
       - membrane/V = [ 0.0, 0.3, 0.4, ..., 0.0, 0.0, 0.0 ]
       - sodium_channel/sodium_channel_m_gate/m = [ 0.1, 0.1, 0.1, ..., 0.1, 0.1, 0.1 ]
       - sodium_channel/sodium_channel_h_gate/h = [ 0.6, 0.6, 0.6, ..., 0.6, 0.6, 0.6 ]
       - potassium_channel/potassium_channel_n_gate/n = [ 0.3, 0.3, 0.3, ..., 0.3, 0.3, 0.3 ]
    - Rates:
       - membrane/V/prime = [ 0.6, 0.2, 0.1, ..., 0.0, 0.0, 0.0 ]
       - sodium_channel/sodium_channel_m_gate/m/prime = [ 0.0, 0.0, 0.0, ..., 0.0, 0.0, 0.0 ]
       - sodium_channel/sodium_channel_h_gate/h/prime = [ 0.0, 0.0, 0.0, ..., 0.0, 0.0, 0.0 ]
       - potassium_channel/potassium_channel_n_gate/n/prime = [ 0.0, 0.0, 0.0, ..., 0.0, 0.0, 0.0 ]
    - Algebraic:
       - membrane/i_Stim = [ 0.0, 0.0, 0.0, ..., 0.0, 0.0, 0.0 ]
       - sodium_channel/sodium_channel_m_gate/alpha_m = [ 0.2, 0.2, 0.2, ..., 0.2, 0.2, 0.2 ]
       - sodium_channel/sodium_channel_h_gate/alpha_h = [ 0.1, 0.1, 0.1, ..., 0.1, 0.1, 0.1 ]
       - potassium_channel/potassium_channel_n_gate/alpha_n = [ 0.1, 0.1, 0.1, ..., 0.1, 0.1, 0.1 ]
       - sodium_channel/i_Na = [ 1.0, 1.1, 1.1, ..., 1.2, 1.2, 1.2 ]
       - sodium_channel/sodium_channel_m_gate/beta_m = [ 4.0, 4.1, 4.1, ..., 4.0, 4.0, 4.0 ]
       - sodium_channel/sodium_channel_h_gate/beta_h = [ 0.0, 0.0, 0.0, ..., 0.0, 0.0, 0.0 ]
       - potassium_channel/potassium_channel_n_gate/beta_n = [ 0.1, 0.1, 0.1, ..., 0.1, 0.1, 0.1 ]
       - potassium_channel/i_K = [ -4.8, -4.6, -4.4, ..., -4.4, -4.4, -4.4 ]
       - leakage_current/i_L = [ 3.2, 3.3, 3.3, ..., 3.2, 3.2, 3.2 ]
