The 'ipykernel' module is not present!
The 'IPython' module is not present!
The 'ipywidgets' module is not present!
The 'jupyter_console' module is not present!
The 'jupyterlab' module is not present!
The 'lxml' module is not present!
The 'matplotlib' module is not present!
The 'nbconvert' module is not present!
The 'notebook' module is not present!
The 'qimage2ndarray' module is not present!
The 'qtconsole' module is not present!
The 'scipy' module is not present!
The 'traitlets' module is not present!
