---------------------------------------------------------------------
                       van der Pol 1928 model
---------------------------------------------------------------------
 - CVODE:
    - Constants:
       - main/epsilon = [ 1.0, 1.0, 1.0, ..., 1.0, 1.0, 1.0 ]
    - States:
       - main/x = [ -2.0, -1.5, -0.3, ..., 0.6, -1.6, -1.8 ]
       - main/y = [ 0.0, 0.8, 1.8, ..., -1.5, -1.8, 0.5 ]
    - Rates:
       - main/x/prime = [ 0.0, 0.8, 1.8, ..., -1.5, -1.8, 0.5 ]
       - main/y/prime = [ 2.0, 0.5, 2.0, ..., -1.6, 4.6, 0.5 ]
    - Algebraic: empty
 - Euler (forward):
    - Constants:
       - main/epsilon = [ 1.0, 1.0, 1.0, ..., 1.0, 1.0, 1.0 ]
    - States:
       - main/x = [ -2.0, -1.5, -0.3, ..., 1.4, 0.1, -2.0 ]
       - main/y = [ 0.0, 0.8, 1.8, ..., -0.8, -2.0, -0.6 ]
    - Rates:
       - main/x/prime = [ 0.0, 0.8, 1.8, ..., -0.8, -2.0, -0.6 ]
       - main/y/prime = [ 2.0, 0.5, 2.0, ..., -0.6, -2.1, 3.7 ]
    - Algebraic: empty
 - Heun:
    - Constants:
       - main/epsilon = [ 1.0, 1.0, 1.0, ..., 1.0, 1.0, 1.0 ]
    - States:
       - main/x = [ -2.0, -1.5, -0.3, ..., 0.6, -1.7, -1.8 ]
       - main/y = [ 0.0, 0.8, 1.8, ..., -1.6, -1.7, 0.6 ]
    - Rates:
       - main/x/prime = [ 0.0, 0.8, 1.8, ..., -1.6, -1.7, 0.6 ]
       - main/y/prime = [ 2.0, 0.5, 2.0, ..., -1.7, 4.7, 0.5 ]
    - Algebraic: empty
 - Runge-Kutta (2nd order):
    - Constants:
       - main/epsilon = [ 1.0, 1.0, 1.0, ..., 1.0, 1.0, 1.0 ]
    - States:
       - main/x = [ -2.0, -1.5, -0.3, ..., 0.6, -1.7, -1.8 ]
       - main/y = [ 0.0, 0.8, 1.8, ..., -1.6, -1.7, 0.6 ]
    - Rates:
       - main/x/prime = [ 0.0, 0.8, 1.8, ..., -1.6, -1.7, 0.6 ]
       - main/y/prime = [ 2.0, 0.5, 2.0, ..., -1.7, 4.7, 0.5 ]
    - Algebraic: empty
 - Runge-Kutta (4th order):
    - Constants:
       - main/epsilon = [ 1.0, 1.0, 1.0, ..., 1.0, 1.0, 1.0 ]
    - States:
       - main/x = [ -2.0, -1.5, -0.3, ..., -1.6, -0.4, 1.8 ]
       - main/y = [ 0.0, 0.8, 1.8, ..., 0.8, 1.7, 1.3 ]
    - Rates:
       - main/x/prime = [ 0.0, 0.8, 1.8, ..., 0.8, 1.7, 1.3 ]
       - main/y/prime = [ 2.0, 0.5, 2.0, ..., 0.5, 1.8, -4.6 ]
    - Algebraic: empty
