The following plugins are available:
 - CellMLAPI: the plugin is loaded and fully functional.
 - CellMLEditingView: the plugin is loaded and fully functional.
 - CellMLSupport: the plugin is loaded and fully functional.
 - CellMLTextView: the plugin is loaded and fully functional.
 - CellMLTools: the plugin is loaded and fully functional.
 - COMBINESupport: the plugin is loaded and fully functional.
 - Compiler: the plugin is loaded and fully functional.
 - Core: the plugin is loaded and fully functional.
 - CVODESolver: the plugin is loaded and fully functional.
 - DataStore: the plugin is loaded and fully functional.
 - EditingView: the plugin is loaded and fully functional.
 - EditorWidget: the plugin is loaded and fully functional.
 - ForwardEulerSolver: the plugin is loaded and fully functional.
 - FourthOrderRungeKuttaSolver: the plugin is loaded and fully functional.
 - HeunSolver: the plugin is loaded and fully functional.
 - JupyterKernel: the plugin is loaded and fully functional.
 - KINSOLSolver: the plugin is loaded and fully functional.
 - libNuML: the plugin is loaded and fully functional.
 - libSBML: the plugin is loaded and fully functional.
 - libSEDML: the plugin is loaded and fully functional.
 - LLVMClang: the plugin is loaded and fully functional.
 - MathMLViewerWidget: the plugin is loaded and fully functional.
 - Python: the plugin is loaded and fully functional.
 - PythonPackages: the plugin is loaded and fully functional.
 - PythonQt: the plugin is loaded and fully functional.
 - PythonQtSupport: the plugin is loaded and fully functional.
 - PythonShell: the plugin is loaded and fully functional.
 - PythonSupport: the plugin is loaded and fully functional.
 - QScintilla: the plugin is loaded and fully functional.
 - QScintillaWidget: the plugin is loaded and fully functional.
 - Qwt: the plugin is loaded and fully functional.
 - SecondOrderRungeKuttaSolver: the plugin is loaded and fully functional.
 - SEDMLSupport: the plugin is loaded and fully functional.
 - SimulationSupport: the plugin is loaded and fully functional.
 - StandardSupport: the plugin is loaded and fully functional.
 - SUNDIALS: the plugin is loaded and fully functional.
 - ZIPSupport: the plugin is loaded and fully functional.
 - zlib: the plugin is loaded and fully functional.
