Commands supported by the CellMLTools plugin:
 * Display the commands supported by the CellMLTools plugin:
      help
 * Export <file> to a given <format> or a given <language>:
      export <file> <format>|<language>
   <format> can take one of the following values:
      cellml_1_0: to export a CellML 1.1 file to CellML 1.0
   <language> can take one of the following values:
      c: to export a CellML file to C
      fortran_77: to export a CellML file to FORTRAN 77
      matlab: to export a CellML file to MATLAB
      python: to export a CellML file to Python
 * Validate <file>:
      validate <file>
