[Error] [0:0] The model could not be loaded (model is not CellML).
